2026-03-07 05:41:03 [error]: ❌ Redis error: 
2026-03-07 05:41:03 [error]: ❌ Redis error: 
2026-03-07 05:41:03 [error]: ❌ Redis error: 
2026-03-07 05:41:04 [error]: ❌ Redis error: 
2026-03-07 05:41:04 [error]: ❌ Redis error: 
2026-03-07 05:41:04 [error]: ❌ Redis error: 
2026-03-07 05:41:04 [error]: Error: Invalid login: 535-5.7.8 Username and Password not accepted. For more information, go to
535 5.7.8  https://support.google.com/mail/?p=BadCredentials 5b1f17b1804b1-4851fae5dbdsm148918375e9.8 - gsmtp
    at SMTPConnection._formatError (/Users/omarwalid/Documents/Backend-projects/ecommerce-backend/node_modules/nodemailer/lib/smtp-connection/index.js:912:19)
    at SMTPConnection._actionAUTHComplete (/Users/omarwalid/Documents/Backend-projects/ecommerce-backend/node_modules/nodemailer/lib/smtp-connection/index.js:1722:34)
    at SMTPConnection.<anonymous> (/Users/omarwalid/Documents/Backend-projects/ecommerce-backend/node_modules/nodemailer/lib/smtp-connection/index.js:651:26)
    at SMTPConnection._processResponse (/Users/omarwalid/Documents/Backend-projects/ecommerce-backend/node_modules/nodemailer/lib/smtp-connection/index.js:1098:20)
    at SMTPConnection._onData (/Users/omarwalid/Documents/Backend-projects/ecommerce-backend/node_modules/nodemailer/lib/smtp-connection/index.js:872:14)
    at SMTPConnection._onSocketData (/Users/omarwalid/Documents/Backend-projects/ecommerce-backend/node_modules/nodemailer/lib/smtp-connection/index.js:196:44)
    at TLSSocket.emit (node:events:524:28)
    at addChunk (node:internal/streams/readable:561:12)
    at readableAddChunkPushByteMode (node:internal/streams/readable:512:3)
    at Readable.push (node:internal/streams/readable:392:5)
2026-03-07 05:41:04 [error]: ❌ Redis error: 
2026-03-07 05:41:04 [error]: ❌ Redis error: 
2026-03-07 05:41:05 [error]: ❌ Redis error: 
2026-03-07 05:41:05 [error]: ❌ Redis error: 
2026-03-07 05:41:06 [error]: ❌ Redis error: 
2026-03-07 05:41:06 [error]: ❌ Redis error: 
2026-03-07 05:41:07 [error]: ❌ Redis error: 
2026-03-07 05:41:07 [error]: ❌ Redis error: 
2026-03-07 05:41:08 [error]: ❌ Redis error: 
2026-03-07 05:41:08 [error]: ❌ Redis error: 
2026-03-07 05:41:09 [error]: ❌ Redis error: 
2026-03-07 05:41:09 [error]: ❌ Redis error: 
2026-03-07 05:41:10 [error]: ❌ Redis error: 
2026-03-07 05:44:03 [error]: Error: Invalid login: 535-5.7.8 Username and Password not accepted. For more information, go to
535 5.7.8  https://support.google.com/mail/?p=BadCredentials 5b1f17b1804b1-485237f6304sm34058175e9.6 - gsmtp
    at SMTPConnection._formatError (/Users/omarwalid/Documents/Backend-projects/ecommerce-backend/node_modules/nodemailer/lib/smtp-connection/index.js:912:19)
    at SMTPConnection._actionAUTHComplete (/Users/omarwalid/Documents/Backend-projects/ecommerce-backend/node_modules/nodemailer/lib/smtp-connection/index.js:1722:34)
    at SMTPConnection.<anonymous> (/Users/omarwalid/Documents/Backend-projects/ecommerce-backend/node_modules/nodemailer/lib/smtp-connection/index.js:651:26)
    at SMTPConnection._processResponse (/Users/omarwalid/Documents/Backend-projects/ecommerce-backend/node_modules/nodemailer/lib/smtp-connection/index.js:1098:20)
    at SMTPConnection._onData (/Users/omarwalid/Documents/Backend-projects/ecommerce-backend/node_modules/nodemailer/lib/smtp-connection/index.js:872:14)
    at SMTPConnection._onSocketData (/Users/omarwalid/Documents/Backend-projects/ecommerce-backend/node_modules/nodemailer/lib/smtp-connection/index.js:196:44)
    at TLSSocket.emit (node:events:524:28)
    at addChunk (node:internal/streams/readable:561:12)
    at readableAddChunkPushByteMode (node:internal/streams/readable:512:3)
    at Readable.push (node:internal/streams/readable:392:5)
2026-03-07 05:45:13 [error]: ❌ Error sending email to undefined: Invalid login: 535-5.7.8 Username and Password not accepted. For more information, go to
535 5.7.8  https://support.google.com/mail/?p=BadCredentials ffacd0b85a97d-439dadb29fdsm8658765f8f.16 - gsmtp
2026-03-07 05:45:53 [error]: Error: Invalid login: 535-5.7.8 Username and Password not accepted. For more information, go to
535 5.7.8  https://support.google.com/mail/?p=BadCredentials ffacd0b85a97d-439dae2ba06sm8361126f8f.24 - gsmtp
    at SMTPConnection._formatError (/Users/omarwalid/Documents/Backend-projects/ecommerce-backend/node_modules/nodemailer/lib/smtp-connection/index.js:912:19)
    at SMTPConnection._actionAUTHComplete (/Users/omarwalid/Documents/Backend-projects/ecommerce-backend/node_modules/nodemailer/lib/smtp-connection/index.js:1722:34)
    at SMTPConnection.<anonymous> (/Users/omarwalid/Documents/Backend-projects/ecommerce-backend/node_modules/nodemailer/lib/smtp-connection/index.js:651:26)
    at SMTPConnection._processResponse (/Users/omarwalid/Documents/Backend-projects/ecommerce-backend/node_modules/nodemailer/lib/smtp-connection/index.js:1098:20)
    at SMTPConnection._onData (/Users/omarwalid/Documents/Backend-projects/ecommerce-backend/node_modules/nodemailer/lib/smtp-connection/index.js:872:14)
    at SMTPConnection._onSocketData (/Users/omarwalid/Documents/Backend-projects/ecommerce-backend/node_modules/nodemailer/lib/smtp-connection/index.js:196:44)
    at TLSSocket.emit (node:events:524:28)
    at addChunk (node:internal/streams/readable:561:12)
    at readableAddChunkPushByteMode (node:internal/streams/readable:512:3)
    at Readable.push (node:internal/streams/readable:392:5)
2026-03-07 05:51:05 [error]: ❌ Error sending email to undefined: No recipients defined
2026-03-07 06:38:02 [error]: ❌ Error sending email to undefined: No recipients defined
2026-03-07 06:42:12 [error]: ❌ Error sending email to undefined: No recipients defined
2026-03-07 06:43:00 [error]: ❌ Error sending email to undefined: No recipients defined
2026-03-07 06:45:08 [error]: ❌ Error sending email to undefined: No recipients defined
2026-03-07 06:51:42 [error]: ❌ Error sending email to undefined: No recipients defined
